[accountsfn.xyz/index.html]
[backblue.gif]
[fade.gif]
[index.html]
[cdn.discordapp.com/attachments/907536396355522610/909826545043005440/logo1.png]
[accountsfn.xyz/images/logo1.png]
[accountsfn.xyz/styles/main.min.css]
[accountsfn.xyz/scripts/slick/slick.css]
[accountsfn.xyz/scripts/slick/slick-theme.css]
[accountsfn.xyz/use.fontawesome.com/releases/v5.11.2/css/all.html]
[accountsfn.xyz/about.html]
[accountsfn.xyz/feedbacks.html]
[accountsfn.xyz/images/tlo.png]
[accountsfn.xyz/images/renegade.png]
[accountsfn.xyz/images/shield.gif]
[accountsfn.xyz/images/3.png]
[accountsfn.xyz/images/ghoul.png]
[accountsfn.xyz/images/recon.png]
[accountsfn.xyz/images/black.png]
[accountsfn.xyz/images/aerial.png]
[accountsfn.xyz/images/galaxy.png]
[accountsfn.xyz/images/ikonik.png]
[accountsfn.xyz/images/wonder.png]
[accountsfn.xyz/images/10.png]
[accountsfn.xyz/images/11.png]
[accountsfn.xyz/images/12.png]
[accountsfn.xyz/scripts/timer2.js]
[accountsfn.xyz/scripts/timer.js]
[accountsfn.xyz/scripts/main.js]
[accountsfn.xyz/code.jquery.com/jquery-3.4.1.js]
[accountsfn.xyz/code.jquery.com/jquery-migrate-3.1.0.js]
[accountsfn.xyz/index.html]
[accountsfn.xyz/scripts/slick/slick.min.js]
[accountsfn.xyz/images/1526414.jpg]
[accountsfn.xyz/styles/main.min.css]
[accountsfn.xyz/scripts/slick/slick.css]
[accountsfn.xyz/scripts/slick/ajax-loader.gif]
[accountsfn.xyz/scripts/slick/fonts/slick.html]
[accountsfn.xyz/scripts/slick/fonts/slick-1.html]
[accountsfn.xyz/scripts/slick/fonts/slick-2.html]
[accountsfn.xyz/scripts/slick/fonts/slick-3.html]
[accountsfn.xyz/scripts/slick/slick-theme.css]
[accountsfn.xyz/scripts/slick/fonts/slick-4.html]
[accountsfn.xyz/www.cba.pl/img/favicon.html]
[accountsfn.xyz/www.cba.pl/img/404.html]
[accountsfn.xyz/www.cba.pl/img/logo_cba.html]
[accountsfn.xyz/use.fontawesome.com/releases/v5.11.2/css/all.html]
[accountsfn.xyz/www.cba.pl/img/404_server.html]
[accountsfn.xyz/styles/about.min.css]
[accountsfn.xyz/index-2.html]
[accountsfn.xyz/images/hero_right_gs.png]
[accountsfn.xyz/tos.html]
[accountsfn.xyz/about.html]
[accountsfn.xyz/pp.html]
[accountsfn.xyz/feedbacks.html]
[accountsfn.xyz/scripts/timer2.js]
[accountsfn.xyz/scripts/timer.js]
[accountsfn.xyz/scripts/main.js]
[accountsfn.xyz/styles/feedback.min.css]
[accountsfn.xyz/true/index.html]
[accountsfn.xyz/code.jquery.com/jquery-3.4.1.js]
[accountsfn.xyz/code.jquery.com/jquery-migrate-3.1.0.js]
[accountsfn.xyz/scripts/slick/slick.min.js]
[accountsfn.xyz/scripts/slick/fonts/slick.html]
[accountsfn.xyz/scripts/slick/fonts/slick-1.html]
[accountsfn.xyz/scripts/slick/fonts/slick-2.html]
[accountsfn.xyz/scripts/slick/fonts/slick-3.html]
[accountsfn.xyz/scripts/slick/fonts/slick-4.html]
[accountsfn.xyz/www.cba.pl/img/favicon.html]
[accountsfn.xyz/www.cba.pl/img/404.html]
[accountsfn.xyz/www.cba.pl/img/logo_cba.html]
[accountsfn.xyz/www.cba.pl/img/404_server.html]
[accountsfn.xyz/styles/about.min.css]
[accountsfn.xyz/index-2.html]
[accountsfn.xyz/cdn-cgi/scripts/5c5dd728/cloudflare-static/email-decode.min.html]
[accountsfn.xyz/tos.html]
[accountsfn.xyz/pp.html]
[accountsfn.xyz/styles/feedback.min.css]
[accountsfn.xyz/true/index.html]
[accountsfn.xyz/cdn-cgi/l/email-protection.html]
[accountsfn.xyz/cdn-cgi/scripts/5c5dd728/cloudflare-static/email-decode.min.html]
